#-----------------------------------------------------------
# Vivado v2019.1 (64-bit)
# SW Build 2552052 on Fri May 24 14:49:42 MDT 2019
# IP Build 2548770 on Fri May 24 18:01:18 MDT 2019
# Start of session at: Thu Mar 24 10:20:46 2022
# Process ID: 19688
# Current directory: C:/Users/dzial/Documents/Mikroelektronika_AGH/mgr/1_semestr/systemy_dedykowane_w_ukladach_programowalnych/lab3/cordic_acc/cordic_acc.runs/design_acc_cordic_ip_0_0_synth_1
# Command line: vivado.exe -log design_acc_cordic_ip_0_0.vds -product Vivado -mode batch -messageDb vivado.pb -notrace -source design_acc_cordic_ip_0_0.tcl
# Log file: C:/Users/dzial/Documents/Mikroelektronika_AGH/mgr/1_semestr/systemy_dedykowane_w_ukladach_programowalnych/lab3/cordic_acc/cordic_acc.runs/design_acc_cordic_ip_0_0_synth_1/design_acc_cordic_ip_0_0.vds
# Journal file: C:/Users/dzial/Documents/Mikroelektronika_AGH/mgr/1_semestr/systemy_dedykowane_w_ukladach_programowalnych/lab3/cordic_acc/cordic_acc.runs/design_acc_cordic_ip_0_0_synth_1\vivado.jou
#-----------------------------------------------------------
source design_acc_cordic_ip_0_0.tcl -notrace
