#-----------------------------------------------------------
# Webtalk v2019.1 (64-bit)
# SW Build 2552052 on Fri May 24 14:49:42 MDT 2019
# IP Build 2548770 on Fri May 24 18:01:18 MDT 2019
# Start of session at: Sun Mar 13 14:32:46 2022
# Process ID: 6364
# Current directory: C:/Users/dzial/Documents/Mikroelektronika_AGH/mgr/1_semestr/systemy_dedykowane_w_ukladach_programowalnych/1_lab/SDUP_laboratory/lab_1/lab_1.sim/sim_1/behav/xsim
# Command line: wbtcv.exe -mode batch -source C:/Users/dzial/Documents/Mikroelektronika_AGH/mgr/1_semestr/systemy_dedykowane_w_ukladach_programowalnych/1_lab/SDUP_laboratory/lab_1/lab_1.sim/sim_1/behav/xsim/xsim.dir/cordic_rtl_TB_behav/webtalk/xsim_webtalk.tcl -notrace
# Log file: C:/Users/dzial/Documents/Mikroelektronika_AGH/mgr/1_semestr/systemy_dedykowane_w_ukladach_programowalnych/1_lab/SDUP_laboratory/lab_1/lab_1.sim/sim_1/behav/xsim/webtalk.log
# Journal file: C:/Users/dzial/Documents/Mikroelektronika_AGH/mgr/1_semestr/systemy_dedykowane_w_ukladach_programowalnych/1_lab/SDUP_laboratory/lab_1/lab_1.sim/sim_1/behav/xsim\webtalk.jou
#-----------------------------------------------------------
source C:/Users/dzial/Documents/Mikroelektronika_AGH/mgr/1_semestr/systemy_dedykowane_w_ukladach_programowalnych/1_lab/SDUP_laboratory/lab_1/lab_1.sim/sim_1/behav/xsim/xsim.dir/cordic_rtl_TB_behav/webtalk/xsim_webtalk.tcl -notrace
