09:50:06 **** Incremental Build of configuration Debug for project find_max ****
make pre-build main-build 
a9-linaro-pre-build-step
' '
make: Nothing to be done for 'main-build'.
09:53:13 **** Auto Build of configuration Debug for project find_max ****
make pre-build main-build 
a9-linaro-pre-build-step
' '
'Building file: ../main.c'
'Invoking: ARM v7 gcc compiler'
arm-none-eabi-gcc -Wall -O0 -g3 -c -fmessage-length=0 -MT"main.o" -mcpu=cortex-a9 -mfpu=vfpv3 -mfloat-abi=hard -I../../find_max_bsp/ps7_cortexa9_0/include -MMD -MP -MF"main.d" -MT"main.o" -o "main.o" "../main.c"
'Finished building: ../main.c'
' '
'Building target: find_max.elf'
'Invoking: ARM v7 gcc linker'
arm-none-eabi-gcc -mcpu=cortex-a9 -mfpu=vfpv3 -mfloat-abi=hard -Wl,-build-id=none -specs=Xilinx.spec -Wl,-T -Wl,../src/lscript.ld -L../../find_max_bsp/ps7_cortexa9_0/lib -o "find_max.elf"  ./main.o ./platform.o ./str_acc.o   -Wl,--start-group,-lxil,-lgcc,-lc,--end-group
'Finished building target: find_max.elf'
' '
'Invoking: ARM v7 Print Size'
arm-none-eabi-size find_max.elf  |tee "find_max.elf.size"
   text	   data	    bss	    dec	    hex	filename
  36504	   1560	  49096	  87160	  15478	find_max.elf
'Finished building: find_max.elf.size'
' '
10:00:01 **** Auto Build of configuration Debug for project find_max ****
make pre-build main-build 
a9-linaro-pre-build-step
' '
'Building file: ../main.c'
'Invoking: ARM v7 gcc compiler'
arm-none-eabi-gcc -Wall -O0 -g3 -c -fmessage-length=0 -MT"main.o" -mcpu=cortex-a9 -mfpu=vfpv3 -mfloat-abi=hard -I../../find_max_bsp/ps7_cortexa9_0/include -MMD -MP -MF"main.d" -MT"main.o" -o "main.o" "../main.c"
'Finished building: ../main.c'
' '
'Building target: find_max.elf'
'Invoking: ARM v7 gcc linker'
arm-none-eabi-gcc -mcpu=cortex-a9 -mfpu=vfpv3 -mfloat-abi=hard -Wl,-build-id=none -specs=Xilinx.spec -Wl,-T -Wl,../src/lscript.ld -L../../find_max_bsp/ps7_cortexa9_0/lib -o "find_max.elf"  ./main.o ./platform.o ./str_acc.o   -Wl,--start-group,-lxil,-lgcc,-lc,--end-group
'Finished building target: find_max.elf'
' '
'Invoking: ARM v7 Print Size'
arm-none-eabi-size find_max.elf  |tee "find_max.elf.size"
   text	   data	    bss	    dec	    hex	filename
  36504	   1560	  49096	  87160	  15478	find_max.elf
'Finished building: find_max.elf.size'
' '
10:00:41 **** Auto Build of configuration Debug for project find_max ****
make pre-build main-build 
a9-linaro-pre-build-step
' '
'Building file: ../main.c'
'Invoking: ARM v7 gcc compiler'
arm-none-eabi-gcc -Wall -O0 -g3 -c -fmessage-length=0 -MT"main.o" -mcpu=cortex-a9 -mfpu=vfpv3 -mfloat-abi=hard -I../../find_max_bsp/ps7_cortexa9_0/include -MMD -MP -MF"main.d" -MT"main.o" -o "main.o" "../main.c"
'Finished building: ../main.c'
' '
'Building target: find_max.elf'
'Invoking: ARM v7 gcc linker'
arm-none-eabi-gcc -mcpu=cortex-a9 -mfpu=vfpv3 -mfloat-abi=hard -Wl,-build-id=none -specs=Xilinx.spec -Wl,-T -Wl,../src/lscript.ld -L../../find_max_bsp/ps7_cortexa9_0/lib -o "find_max.elf"  ./main.o ./platform.o ./str_acc.o   -Wl,--start-group,-lxil,-lgcc,-lc,--end-group
'Finished building target: find_max.elf'
' '
'Invoking: ARM v7 Print Size'
arm-none-eabi-size find_max.elf  |tee "find_max.elf.size"
   text	   data	    bss	    dec	    hex	filename
  36504	   1560	  49096	  87160	  15478	find_max.elf
'Finished building: find_max.elf.size'
' '
10:01:27 **** Auto Build of configuration Debug for project find_max ****
make pre-build main-build 
a9-linaro-pre-build-step
' '
'Building file: ../main.c'
'Invoking: ARM v7 gcc compiler'
arm-none-eabi-gcc -Wall -O0 -g3 -c -fmessage-length=0 -MT"main.o" -mcpu=cortex-a9 -mfpu=vfpv3 -mfloat-abi=hard -I../../find_max_bsp/ps7_cortexa9_0/include -MMD -MP -MF"main.d" -MT"main.o" -o "main.o" "../main.c"
'Finished building: ../main.c'
' '
'Building target: find_max.elf'
'Invoking: ARM v7 gcc linker'
arm-none-eabi-gcc -mcpu=cortex-a9 -mfpu=vfpv3 -mfloat-abi=hard -Wl,-build-id=none -specs=Xilinx.spec -Wl,-T -Wl,../src/lscript.ld -L../../find_max_bsp/ps7_cortexa9_0/lib -o "find_max.elf"  ./main.o ./platform.o ./str_acc.o   -Wl,--start-group,-lxil,-lgcc,-lc,--end-group
'Finished building target: find_max.elf'
' '
'Invoking: ARM v7 Print Size'
arm-none-eabi-size find_max.elf  |tee "find_max.elf.size"
   text	   data	    bss	    dec	    hex	filename
  36504	   1560	  49096	  87160	  15478	find_max.elf
'Finished building: find_max.elf.size'
' '
10:10:14 **** Incremental Build of configuration Debug for project find_max ****
make pre-build main-build 
a9-linaro-pre-build-step
' '
make: Nothing to be done for 'main-build'.
10:13:17 **** Auto Build of configuration Debug for project find_max ****
make pre-build main-build 
a9-linaro-pre-build-step
' '
'Building file: ../main.c'
'Invoking: ARM v7 gcc compiler'
arm-none-eabi-gcc -Wall -O0 -g3 -c -fmessage-length=0 -MT"main.o" -mcpu=cortex-a9 -mfpu=vfpv3 -mfloat-abi=hard -I../../find_max_bsp/ps7_cortexa9_0/include -MMD -MP -MF"main.d" -MT"main.o" -o "main.o" "../main.c"
'Finished building: ../main.c'
' '
'Building target: find_max.elf'
'Invoking: ARM v7 gcc linker'
arm-none-eabi-gcc -mcpu=cortex-a9 -mfpu=vfpv3 -mfloat-abi=hard -Wl,-build-id=none -specs=Xilinx.spec -Wl,-T -Wl,../src/lscript.ld -L../../find_max_bsp/ps7_cortexa9_0/lib -o "find_max.elf"  ./main.o ./platform.o ./str_acc.o   -Wl,--start-group,-lxil,-lgcc,-lc,--end-group
'Finished building target: find_max.elf'
' '
'Invoking: ARM v7 Print Size'
arm-none-eabi-size find_max.elf  |tee "find_max.elf.size"
   text	   data	    bss	    dec	    hex	filename
  36504	   1560	  36232	  74296	  12238	find_max.elf
'Finished building: find_max.elf.size'
' '
10:14:13 **** Auto Build of configuration Debug for project find_max ****
make pre-build main-build 
a9-linaro-pre-build-step
' '
'Building file: ../main.c'
'Invoking: ARM v7 gcc compiler'
arm-none-eabi-gcc -Wall -O0 -g3 -c -fmessage-length=0 -MT"main.o" -mcpu=cortex-a9 -mfpu=vfpv3 -mfloat-abi=hard -I../../find_max_bsp/ps7_cortexa9_0/include -MMD -MP -MF"main.d" -MT"main.o" -o "main.o" "../main.c"
../main.c: In function 'main':
../main.c:66:5: error: expected expression before '}' token
     }
     ^
make: *** [subdir.mk:26: main.o] Error 1
10:14:22 **** Auto Build of configuration Debug for project find_max ****
make pre-build main-build 
a9-linaro-pre-build-step
' '
'Building file: ../main.c'
'Invoking: ARM v7 gcc compiler'
arm-none-eabi-gcc -Wall -O0 -g3 -c -fmessage-length=0 -MT"main.o" -mcpu=cortex-a9 -mfpu=vfpv3 -mfloat-abi=hard -I../../find_max_bsp/ps7_cortexa9_0/include -MMD -MP -MF"main.d" -MT"main.o" -o "main.o" "../main.c"
'Finished building: ../main.c'
' '
'Building target: find_max.elf'
'Invoking: ARM v7 gcc linker'
arm-none-eabi-gcc -mcpu=cortex-a9 -mfpu=vfpv3 -mfloat-abi=hard -Wl,-build-id=none -specs=Xilinx.spec -Wl,-T -Wl,../src/lscript.ld -L../../find_max_bsp/ps7_cortexa9_0/lib -o "find_max.elf"  ./main.o ./platform.o ./str_acc.o   -Wl,--start-group,-lxil,-lgcc,-lc,--end-group
'Finished building target: find_max.elf'
' '
'Invoking: ARM v7 Print Size'
arm-none-eabi-size find_max.elf  |tee "find_max.elf.size"
   text	   data	    bss	    dec	    hex	filename
  36504	   1560	  36232	  74296	  12238	find_max.elf
'Finished building: find_max.elf.size'
' '
10:15:09 **** Auto Build of configuration Debug for project find_max ****
make pre-build main-build 
a9-linaro-pre-build-step
' '
'Building file: ../main.c'
'Invoking: ARM v7 gcc compiler'
arm-none-eabi-gcc -Wall -O0 -g3 -c -fmessage-length=0 -MT"main.o" -mcpu=cortex-a9 -mfpu=vfpv3 -mfloat-abi=hard -I../../find_max_bsp/ps7_cortexa9_0/include -MMD -MP -MF"main.d" -MT"main.o" -o "main.o" "../main.c"
'Finished building: ../main.c'
' '
'Building target: find_max.elf'
'Invoking: ARM v7 gcc linker'
arm-none-eabi-gcc -mcpu=cortex-a9 -mfpu=vfpv3 -mfloat-abi=hard -Wl,-build-id=none -specs=Xilinx.spec -Wl,-T -Wl,../src/lscript.ld -L../../find_max_bsp/ps7_cortexa9_0/lib -o "find_max.elf"  ./main.o ./platform.o ./str_acc.o   -Wl,--start-group,-lxil,-lgcc,-lc,--end-group
'Finished building target: find_max.elf'
' '
'Invoking: ARM v7 Print Size'
arm-none-eabi-size find_max.elf  |tee "find_max.elf.size"
   text	   data	    bss	    dec	    hex	filename
  36676	   1560	  36232	  74468	  122e4	find_max.elf
'Finished building: find_max.elf.size'
' '
10:15:32 **** Incremental Build of configuration Debug for project find_max ****
make pre-build main-build 
a9-linaro-pre-build-step
' '
make: Nothing to be done for 'main-build'.
10:16:45 **** Auto Build of configuration Debug for project find_max ****
make pre-build main-build 
a9-linaro-pre-build-step
' '
'Building file: ../main.c'
'Invoking: ARM v7 gcc compiler'
arm-none-eabi-gcc -Wall -O0 -g3 -c -fmessage-length=0 -MT"main.o" -mcpu=cortex-a9 -mfpu=vfpv3 -mfloat-abi=hard -I../../find_max_bsp/ps7_cortexa9_0/include -MMD -MP -MF"main.d" -MT"main.o" -o "main.o" "../main.c"
'Finished building: ../main.c'
' '
'Building target: find_max.elf'
'Invoking: ARM v7 gcc linker'
arm-none-eabi-gcc -mcpu=cortex-a9 -mfpu=vfpv3 -mfloat-abi=hard -Wl,-build-id=none -specs=Xilinx.spec -Wl,-T -Wl,../src/lscript.ld -L../../find_max_bsp/ps7_cortexa9_0/lib -o "find_max.elf"  ./main.o ./platform.o ./str_acc.o   -Wl,--start-group,-lxil,-lgcc,-lc,--end-group
'Finished building target: find_max.elf'
' '
'Invoking: ARM v7 Print Size'
arm-none-eabi-size find_max.elf  |tee "find_max.elf.size"
   text	   data	    bss	    dec	    hex	filename
  36680	   1560	  36232	  74472	  122e8	find_max.elf
'Finished building: find_max.elf.size'
' '
10:18:11 **** Auto Build of configuration Debug for project find_max ****
make pre-build main-build 
a9-linaro-pre-build-step
' '
'Building file: ../main.c'
'Invoking: ARM v7 gcc compiler'
arm-none-eabi-gcc -Wall -O0 -g3 -c -fmessage-length=0 -MT"main.o" -mcpu=cortex-a9 -mfpu=vfpv3 -mfloat-abi=hard -I../../find_max_bsp/ps7_cortexa9_0/include -MMD -MP -MF"main.d" -MT"main.o" -o "main.o" "../main.c"
'Finished building: ../main.c'
' '
'Building target: find_max.elf'
'Invoking: ARM v7 gcc linker'
arm-none-eabi-gcc -mcpu=cortex-a9 -mfpu=vfpv3 -mfloat-abi=hard -Wl,-build-id=none -specs=Xilinx.spec -Wl,-T -Wl,../src/lscript.ld -L../../find_max_bsp/ps7_cortexa9_0/lib -o "find_max.elf"  ./main.o ./platform.o ./str_acc.o   -Wl,--start-group,-lxil,-lgcc,-lc,--end-group
'Finished building target: find_max.elf'
' '
'Invoking: ARM v7 Print Size'
arm-none-eabi-size find_max.elf  |tee "find_max.elf.size"
   text	   data	    bss	    dec	    hex	filename
  36712	   1560	  36232	  74504	  12308	find_max.elf
'Finished building: find_max.elf.size'
' '
10:18:36 **** Auto Build of configuration Debug for project find_max ****
make pre-build main-build 
a9-linaro-pre-build-step
' '
'Building file: ../main.c'
'Invoking: ARM v7 gcc compiler'
arm-none-eabi-gcc -Wall -O0 -g3 -c -fmessage-length=0 -MT"main.o" -mcpu=cortex-a9 -mfpu=vfpv3 -mfloat-abi=hard -I../../find_max_bsp/ps7_cortexa9_0/include -MMD -MP -MF"main.d" -MT"main.o" -o "main.o" "../main.c"
'Finished building: ../main.c'
' '
'Building target: find_max.elf'
'Invoking: ARM v7 gcc linker'
arm-none-eabi-gcc -mcpu=cortex-a9 -mfpu=vfpv3 -mfloat-abi=hard -Wl,-build-id=none -specs=Xilinx.spec -Wl,-T -Wl,../src/lscript.ld -L../../find_max_bsp/ps7_cortexa9_0/lib -o "find_max.elf"  ./main.o ./platform.o ./str_acc.o   -Wl,--start-group,-lxil,-lgcc,-lc,--end-group
'Finished building target: find_max.elf'
' '
'Invoking: ARM v7 Print Size'
arm-none-eabi-size find_max.elf  |tee "find_max.elf.size"
   text	   data	    bss	    dec	    hex	filename
  36776	   1560	  36232	  74568	  12348	find_max.elf
'Finished building: find_max.elf.size'
' '
10:18:45 **** Incremental Build of configuration Debug for project find_max ****
make pre-build main-build 
a9-linaro-pre-build-step
' '
make: Nothing to be done for 'main-build'.
10:20:13 **** Auto Build of configuration Debug for project find_max ****
make pre-build main-build 
a9-linaro-pre-build-step
' '
'Building file: ../main.c'
'Invoking: ARM v7 gcc compiler'
arm-none-eabi-gcc -Wall -O0 -g3 -c -fmessage-length=0 -MT"main.o" -mcpu=cortex-a9 -mfpu=vfpv3 -mfloat-abi=hard -I../../find_max_bsp/ps7_cortexa9_0/include -MMD -MP -MF"main.d" -MT"main.o" -o "main.o" "../main.c"
'Finished building: ../main.c'
' '
'Building target: find_max.elf'
'Invoking: ARM v7 gcc linker'
arm-none-eabi-gcc -mcpu=cortex-a9 -mfpu=vfpv3 -mfloat-abi=hard -Wl,-build-id=none -specs=Xilinx.spec -Wl,-T -Wl,../src/lscript.ld -L../../find_max_bsp/ps7_cortexa9_0/lib -o "find_max.elf"  ./main.o ./platform.o ./str_acc.o   -Wl,--start-group,-lxil,-lgcc,-lc,--end-group
'Finished building target: find_max.elf'
' '
'Invoking: ARM v7 Print Size'
arm-none-eabi-size find_max.elf  |tee "find_max.elf.size"
   text	   data	    bss	    dec	    hex	filename
  36776	   1560	  49096	  87432	  15588	find_max.elf
'Finished building: find_max.elf.size'
' '
10:20:20 **** Incremental Build of configuration Debug for project find_max ****
make pre-build main-build 
a9-linaro-pre-build-step
' '
make: Nothing to be done for 'main-build'.
10:23:05 **** Auto Build of configuration Debug for project find_max ****
make pre-build main-build 
a9-linaro-pre-build-step
' '
'Building file: ../main.c'
'Invoking: ARM v7 gcc compiler'
arm-none-eabi-gcc -Wall -O0 -g3 -c -fmessage-length=0 -MT"main.o" -mcpu=cortex-a9 -mfpu=vfpv3 -mfloat-abi=hard -I../../find_max_bsp/ps7_cortexa9_0/include -MMD -MP -MF"main.d" -MT"main.o" -o "main.o" "../main.c"
'Finished building: ../main.c'
' '
'Building target: find_max.elf'
'Invoking: ARM v7 gcc linker'
arm-none-eabi-gcc -mcpu=cortex-a9 -mfpu=vfpv3 -mfloat-abi=hard -Wl,-build-id=none -specs=Xilinx.spec -Wl,-T -Wl,../src/lscript.ld -L../../find_max_bsp/ps7_cortexa9_0/lib -o "find_max.elf"  ./main.o ./platform.o ./str_acc.o   -Wl,--start-group,-lxil,-lgcc,-lc,--end-group
'Finished building target: find_max.elf'
' '
'Invoking: ARM v7 Print Size'
arm-none-eabi-size find_max.elf  |tee "find_max.elf.size"
   text	   data	    bss	    dec	    hex	filename
  36776	   1560	  49096	  87432	  15588	find_max.elf
'Finished building: find_max.elf.size'
' '
10:24:57 **** Auto Build of configuration Debug for project find_max ****
make pre-build main-build 
a9-linaro-pre-build-step
' '
'Building file: ../main.c'
'Invoking: ARM v7 gcc compiler'
arm-none-eabi-gcc -Wall -O0 -g3 -c -fmessage-length=0 -MT"main.o" -mcpu=cortex-a9 -mfpu=vfpv3 -mfloat-abi=hard -I../../find_max_bsp/ps7_cortexa9_0/include -MMD -MP -MF"main.d" -MT"main.o" -o "main.o" "../main.c"
'Finished building: ../main.c'
' '
'Building target: find_max.elf'
'Invoking: ARM v7 gcc linker'
arm-none-eabi-gcc -mcpu=cortex-a9 -mfpu=vfpv3 -mfloat-abi=hard -Wl,-build-id=none -specs=Xilinx.spec -Wl,-T -Wl,../src/lscript.ld -L../../find_max_bsp/ps7_cortexa9_0/lib -o "find_max.elf"  ./main.o ./platform.o ./str_acc.o   -Wl,--start-group,-lxil,-lgcc,-lc,--end-group
'Finished building target: find_max.elf'
' '
'Invoking: ARM v7 Print Size'
arm-none-eabi-size find_max.elf  |tee "find_max.elf.size"
   text	   data	    bss	    dec	    hex	filename
  36776	   1560	  36232	  74568	  12348	find_max.elf
'Finished building: find_max.elf.size'
' '
10:25:36 **** Auto Build of configuration Debug for project find_max ****
make pre-build main-build 
a9-linaro-pre-build-step
' '
'Building file: ../main.c'
'Invoking: ARM v7 gcc compiler'
arm-none-eabi-gcc -Wall -O0 -g3 -c -fmessage-length=0 -MT"main.o" -mcpu=cortex-a9 -mfpu=vfpv3 -mfloat-abi=hard -I../../find_max_bsp/ps7_cortexa9_0/include -MMD -MP -MF"main.d" -MT"main.o" -o "main.o" "../main.c"
../main.c: In function 'main':
../main.c:64:6: error: 'val' undeclared (first use in this function)
      val = sin + cos;
      ^~~
../main.c:64:6: note: each undeclared identifier is reported only once for each function it appears in
../main.c:42:5: warning: unused variable 'val_right' [-Wunused-variable]
 s32 val_right = 0;  //sin(x) + cos(x) function value
     ^~~~~~~~~
../main.c:41:5: warning: unused variable 'val_left' [-Wunused-variable]
 s32 val_left = 0;
     ^~~~~~~~
make: *** [subdir.mk:26: main.o] Error 1
10:25:59 **** Auto Build of configuration Debug for project find_max ****
make pre-build main-build 
a9-linaro-pre-build-step
' '
'Building file: ../main.c'
'Invoking: ARM v7 gcc compiler'
arm-none-eabi-gcc -Wall -O0 -g3 -c -fmessage-length=0 -MT"main.o" -mcpu=cortex-a9 -mfpu=vfpv3 -mfloat-abi=hard -I../../find_max_bsp/ps7_cortexa9_0/include -MMD -MP -MF"main.d" -MT"main.o" -o "main.o" "../main.c"
../main.c: In function 'main':
../main.c:66:54: error: 'val' undeclared (first use in this function)
      xil_printf("Value of variable val: %d.%d \n\r", val>>10, ((val&0x3ff)*100)/1024);
                                                      ^~~
../main.c:66:54: note: each undeclared identifier is reported only once for each function it appears in
../main.c:42:5: warning: variable 'val_right' set but not used [-Wunused-but-set-variable]
 s32 val_right = 0;  //sin(x) + cos(x) function value
     ^~~~~~~~~
../main.c:41:5: warning: variable 'val_left' set but not used [-Wunused-but-set-variable]
 s32 val_left = 0;
     ^~~~~~~~
make: *** [subdir.mk:26: main.o] Error 1
10:26:12 **** Auto Build of configuration Debug for project find_max ****
make pre-build main-build 
a9-linaro-pre-build-step
' '
'Building file: ../main.c'
'Invoking: ARM v7 gcc compiler'
arm-none-eabi-gcc -Wall -O0 -g3 -c -fmessage-length=0 -MT"main.o" -mcpu=cortex-a9 -mfpu=vfpv3 -mfloat-abi=hard -I../../find_max_bsp/ps7_cortexa9_0/include -MMD -MP -MF"main.d" -MT"main.o" -o "main.o" "../main.c"
../main.c: In function 'main':
../main.c:67:33: error: 'val' undeclared (first use in this function)
      if (val_right > max) max = val;
                                 ^~~
../main.c:67:33: note: each undeclared identifier is reported only once for each function it appears in
make: *** [subdir.mk:26: main.o] Error 1
10:27:04 **** Auto Build of configuration Debug for project find_max ****
make pre-build main-build 
a9-linaro-pre-build-step
' '
'Building file: ../main.c'
'Invoking: ARM v7 gcc compiler'
arm-none-eabi-gcc -Wall -O0 -g3 -c -fmessage-length=0 -MT"main.o" -mcpu=cortex-a9 -mfpu=vfpv3 -mfloat-abi=hard -I../../find_max_bsp/ps7_cortexa9_0/include -MMD -MP -MF"main.d" -MT"main.o" -o "main.o" "../main.c"
'Finished building: ../main.c'
' '
'Building target: find_max.elf'
'Invoking: ARM v7 gcc linker'
arm-none-eabi-gcc -mcpu=cortex-a9 -mfpu=vfpv3 -mfloat-abi=hard -Wl,-build-id=none -specs=Xilinx.spec -Wl,-T -Wl,../src/lscript.ld -L../../find_max_bsp/ps7_cortexa9_0/lib -o "find_max.elf"  ./main.o ./platform.o ./str_acc.o   -Wl,--start-group,-lxil,-lgcc,-lc,--end-group
'Finished building target: find_max.elf'
' '
'Invoking: ARM v7 Print Size'
arm-none-eabi-size find_max.elf  |tee "find_max.elf.size"
   text	   data	    bss	    dec	    hex	filename
  36744	   1560	  36232	  74536	  12328	find_max.elf
'Finished building: find_max.elf.size'
' '
10:27:26 **** Incremental Build of configuration Debug for project find_max ****
make pre-build main-build 
a9-linaro-pre-build-step
' '
make: Nothing to be done for 'main-build'.
10:28:13 **** Auto Build of configuration Debug for project find_max ****
make pre-build main-build 
a9-linaro-pre-build-step
' '
'Building file: ../main.c'
'Invoking: ARM v7 gcc compiler'
arm-none-eabi-gcc -Wall -O0 -g3 -c -fmessage-length=0 -MT"main.o" -mcpu=cortex-a9 -mfpu=vfpv3 -mfloat-abi=hard -I../../find_max_bsp/ps7_cortexa9_0/include -MMD -MP -MF"main.d" -MT"main.o" -o "main.o" "../main.c"
'Finished building: ../main.c'
' '
'Building target: find_max.elf'
'Invoking: ARM v7 gcc linker'
arm-none-eabi-gcc -mcpu=cortex-a9 -mfpu=vfpv3 -mfloat-abi=hard -Wl,-build-id=none -specs=Xilinx.spec -Wl,-T -Wl,../src/lscript.ld -L../../find_max_bsp/ps7_cortexa9_0/lib -o "find_max.elf"  ./main.o ./platform.o ./str_acc.o   -Wl,--start-group,-lxil,-lgcc,-lc,--end-group
'Finished building target: find_max.elf'
' '
'Invoking: ARM v7 Print Size'
arm-none-eabi-size find_max.elf  |tee "find_max.elf.size"
   text	   data	    bss	    dec	    hex	filename
  36840	   1560	  36232	  74632	  12388	find_max.elf
'Finished building: find_max.elf.size'
' '
10:28:19 **** Incremental Build of configuration Debug for project find_max ****
make pre-build main-build 
a9-linaro-pre-build-step
' '
make: Nothing to be done for 'main-build'.
10:31:29 **** Auto Build of configuration Debug for project find_max ****
make pre-build main-build 
a9-linaro-pre-build-step
' '
'Building file: ../main.c'
'Invoking: ARM v7 gcc compiler'
arm-none-eabi-gcc -Wall -O0 -g3 -c -fmessage-length=0 -MT"main.o" -mcpu=cortex-a9 -mfpu=vfpv3 -mfloat-abi=hard -I../../find_max_bsp/ps7_cortexa9_0/include -MMD -MP -MF"main.d" -MT"main.o" -o "main.o" "../main.c"
'Finished building: ../main.c'
' '
'Building target: find_max.elf'
'Invoking: ARM v7 gcc linker'
arm-none-eabi-gcc -mcpu=cortex-a9 -mfpu=vfpv3 -mfloat-abi=hard -Wl,-build-id=none -specs=Xilinx.spec -Wl,-T -Wl,../src/lscript.ld -L../../find_max_bsp/ps7_cortexa9_0/lib -o "find_max.elf"  ./main.o ./platform.o ./str_acc.o   -Wl,--start-group,-lxil,-lgcc,-lc,--end-group
'Finished building target: find_max.elf'
' '
'Invoking: ARM v7 Print Size'
arm-none-eabi-size find_max.elf  |tee "find_max.elf.size"
   text	   data	    bss	    dec	    hex	filename
  36840	   1560	  36232	  74632	  12388	find_max.elf
'Finished building: find_max.elf.size'
' '
10:31:33 **** Incremental Build of configuration Debug for project find_max ****
make pre-build main-build 
a9-linaro-pre-build-step
' '
make: Nothing to be done for 'main-build'.
10:32:26 **** Auto Build of configuration Debug for project find_max ****
make pre-build main-build 
a9-linaro-pre-build-step
' '
'Building file: ../main.c'
'Invoking: ARM v7 gcc compiler'
arm-none-eabi-gcc -Wall -O0 -g3 -c -fmessage-length=0 -MT"main.o" -mcpu=cortex-a9 -mfpu=vfpv3 -mfloat-abi=hard -I../../find_max_bsp/ps7_cortexa9_0/include -MMD -MP -MF"main.d" -MT"main.o" -o "main.o" "../main.c"
'Finished building: ../main.c'
' '
'Building target: find_max.elf'
'Invoking: ARM v7 gcc linker'
arm-none-eabi-gcc -mcpu=cortex-a9 -mfpu=vfpv3 -mfloat-abi=hard -Wl,-build-id=none -specs=Xilinx.spec -Wl,-T -Wl,../src/lscript.ld -L../../find_max_bsp/ps7_cortexa9_0/lib -o "find_max.elf"  ./main.o ./platform.o ./str_acc.o   -Wl,--start-group,-lxil,-lgcc,-lc,--end-group
'Finished building target: find_max.elf'
' '
'Invoking: ARM v7 Print Size'
arm-none-eabi-size find_max.elf  |tee "find_max.elf.size"
   text	   data	    bss	    dec	    hex	filename
  36840	   1560	  36232	  74632	  12388	find_max.elf
'Finished building: find_max.elf.size'
' '
10:32:30 **** Incremental Build of configuration Debug for project find_max ****
make pre-build main-build 
a9-linaro-pre-build-step
' '
make: Nothing to be done for 'main-build'.
10:36:58 **** Auto Build of configuration Debug for project find_max ****
make pre-build main-build 
a9-linaro-pre-build-step
' '
'Building file: ../main.c'
'Invoking: ARM v7 gcc compiler'
arm-none-eabi-gcc -Wall -O0 -g3 -c -fmessage-length=0 -MT"main.o" -mcpu=cortex-a9 -mfpu=vfpv3 -mfloat-abi=hard -I../../find_max_bsp/ps7_cortexa9_0/include -MMD -MP -MF"main.d" -MT"main.o" -o "main.o" "../main.c"
'Finished building: ../main.c'
' '
'Building target: find_max.elf'
'Invoking: ARM v7 gcc linker'
arm-none-eabi-gcc -mcpu=cortex-a9 -mfpu=vfpv3 -mfloat-abi=hard -Wl,-build-id=none -specs=Xilinx.spec -Wl,-T -Wl,../src/lscript.ld -L../../find_max_bsp/ps7_cortexa9_0/lib -o "find_max.elf"  ./main.o ./platform.o ./str_acc.o   -Wl,--start-group,-lxil,-lgcc,-lc,--end-group
'Finished building target: find_max.elf'
' '
'Invoking: ARM v7 Print Size'
arm-none-eabi-size find_max.elf  |tee "find_max.elf.size"
   text	   data	    bss	    dec	    hex	filename
  36904	   1560	  36232	  74696	  123c8	find_max.elf
'Finished building: find_max.elf.size'
' '
10:37:04 **** Incremental Build of configuration Debug for project find_max ****
make pre-build main-build 
a9-linaro-pre-build-step
' '
make: Nothing to be done for 'main-build'.
10:38:47 **** Auto Build of configuration Debug for project find_max ****
make pre-build main-build 
a9-linaro-pre-build-step
' '
'Building file: ../main.c'
'Invoking: ARM v7 gcc compiler'
arm-none-eabi-gcc -Wall -O0 -g3 -c -fmessage-length=0 -MT"main.o" -mcpu=cortex-a9 -mfpu=vfpv3 -mfloat-abi=hard -I../../find_max_bsp/ps7_cortexa9_0/include -MMD -MP -MF"main.d" -MT"main.o" -o "main.o" "../main.c"
'Finished building: ../main.c'
' '
'Building target: find_max.elf'
'Invoking: ARM v7 gcc linker'
arm-none-eabi-gcc -mcpu=cortex-a9 -mfpu=vfpv3 -mfloat-abi=hard -Wl,-build-id=none -specs=Xilinx.spec -Wl,-T -Wl,../src/lscript.ld -L../../find_max_bsp/ps7_cortexa9_0/lib -o "find_max.elf"  ./main.o ./platform.o ./str_acc.o   -Wl,--start-group,-lxil,-lgcc,-lc,--end-group
'Finished building target: find_max.elf'
' '
'Invoking: ARM v7 Print Size'
arm-none-eabi-size find_max.elf  |tee "find_max.elf.size"
   text	   data	    bss	    dec	    hex	filename
  36904	   1560	  36232	  74696	  123c8	find_max.elf
'Finished building: find_max.elf.size'
' '
10:38:50 **** Incremental Build of configuration Debug for project find_max ****
make pre-build main-build 
a9-linaro-pre-build-step
' '
make: Nothing to be done for 'main-build'.
10:39:46 **** Auto Build of configuration Debug for project find_max ****
make pre-build main-build 
a9-linaro-pre-build-step
' '
'Building file: ../main.c'
'Invoking: ARM v7 gcc compiler'
arm-none-eabi-gcc -Wall -O0 -g3 -c -fmessage-length=0 -MT"main.o" -mcpu=cortex-a9 -mfpu=vfpv3 -mfloat-abi=hard -I../../find_max_bsp/ps7_cortexa9_0/include -MMD -MP -MF"main.d" -MT"main.o" -o "main.o" "../main.c"
'Finished building: ../main.c'
' '
'Building target: find_max.elf'
'Invoking: ARM v7 gcc linker'
arm-none-eabi-gcc -mcpu=cortex-a9 -mfpu=vfpv3 -mfloat-abi=hard -Wl,-build-id=none -specs=Xilinx.spec -Wl,-T -Wl,../src/lscript.ld -L../../find_max_bsp/ps7_cortexa9_0/lib -o "find_max.elf"  ./main.o ./platform.o ./str_acc.o   -Wl,--start-group,-lxil,-lgcc,-lc,--end-group
'Finished building target: find_max.elf'
' '
'Invoking: ARM v7 Print Size'
arm-none-eabi-size find_max.elf  |tee "find_max.elf.size"
   text	   data	    bss	    dec	    hex	filename
  36840	   1560	  36232	  74632	  12388	find_max.elf
'Finished building: find_max.elf.size'
' '
10:39:49 **** Incremental Build of configuration Debug for project find_max ****
make pre-build main-build 
a9-linaro-pre-build-step
' '
make: Nothing to be done for 'main-build'.
10:42:53 **** Auto Build of configuration Debug for project find_max ****
make pre-build main-build 
a9-linaro-pre-build-step
' '
'Building file: ../main.c'
'Invoking: ARM v7 gcc compiler'
arm-none-eabi-gcc -Wall -O0 -g3 -c -fmessage-length=0 -MT"main.o" -mcpu=cortex-a9 -mfpu=vfpv3 -mfloat-abi=hard -I../../find_max_bsp/ps7_cortexa9_0/include -MMD -MP -MF"main.d" -MT"main.o" -o "main.o" "../main.c"
'Finished building: ../main.c'
' '
'Building target: find_max.elf'
'Invoking: ARM v7 gcc linker'
arm-none-eabi-gcc -mcpu=cortex-a9 -mfpu=vfpv3 -mfloat-abi=hard -Wl,-build-id=none -specs=Xilinx.spec -Wl,-T -Wl,../src/lscript.ld -L../../find_max_bsp/ps7_cortexa9_0/lib -o "find_max.elf"  ./main.o ./platform.o ./str_acc.o   -Wl,--start-group,-lxil,-lgcc,-lc,--end-group
'Finished building target: find_max.elf'
' '
'Invoking: ARM v7 Print Size'
arm-none-eabi-size find_max.elf  |tee "find_max.elf.size"
   text	   data	    bss	    dec	    hex	filename
  36840	   1560	  36232	  74632	  12388	find_max.elf
'Finished building: find_max.elf.size'
' '
10:42:58 **** Incremental Build of configuration Debug for project find_max ****
make pre-build main-build 
a9-linaro-pre-build-step
' '
make: Nothing to be done for 'main-build'.
10:45:01 **** Auto Build of configuration Debug for project find_max ****
make pre-build main-build 
a9-linaro-pre-build-step
' '
'Building file: ../main.c'
'Invoking: ARM v7 gcc compiler'
arm-none-eabi-gcc -Wall -O0 -g3 -c -fmessage-length=0 -MT"main.o" -mcpu=cortex-a9 -mfpu=vfpv3 -mfloat-abi=hard -I../../find_max_bsp/ps7_cortexa9_0/include -MMD -MP -MF"main.d" -MT"main.o" -o "main.o" "../main.c"
'Finished building: ../main.c'
' '
'Building target: find_max.elf'
'Invoking: ARM v7 gcc linker'
arm-none-eabi-gcc -mcpu=cortex-a9 -mfpu=vfpv3 -mfloat-abi=hard -Wl,-build-id=none -specs=Xilinx.spec -Wl,-T -Wl,../src/lscript.ld -L../../find_max_bsp/ps7_cortexa9_0/lib -o "find_max.elf"  ./main.o ./platform.o ./str_acc.o   -Wl,--start-group,-lxil,-lgcc,-lc,--end-group
'Finished building target: find_max.elf'
' '
'Invoking: ARM v7 Print Size'
arm-none-eabi-size find_max.elf  |tee "find_max.elf.size"
   text	   data	    bss	    dec	    hex	filename
  36680	   1560	  36232	  74472	  122e8	find_max.elf
'Finished building: find_max.elf.size'
' '
10:45:07 **** Incremental Build of configuration Debug for project find_max ****
make pre-build main-build 
a9-linaro-pre-build-step
' '
make: Nothing to be done for 'main-build'.
10:46:15 **** Auto Build of configuration Debug for project find_max ****
make pre-build main-build 
a9-linaro-pre-build-step
' '
'Building file: ../main.c'
'Invoking: ARM v7 gcc compiler'
arm-none-eabi-gcc -Wall -O0 -g3 -c -fmessage-length=0 -MT"main.o" -mcpu=cortex-a9 -mfpu=vfpv3 -mfloat-abi=hard -I../../find_max_bsp/ps7_cortexa9_0/include -MMD -MP -MF"main.d" -MT"main.o" -o "main.o" "../main.c"
'Finished building: ../main.c'
' '
'Building target: find_max.elf'
'Invoking: ARM v7 gcc linker'
arm-none-eabi-gcc -mcpu=cortex-a9 -mfpu=vfpv3 -mfloat-abi=hard -Wl,-build-id=none -specs=Xilinx.spec -Wl,-T -Wl,../src/lscript.ld -L../../find_max_bsp/ps7_cortexa9_0/lib -o "find_max.elf"  ./main.o ./platform.o ./str_acc.o   -Wl,--start-group,-lxil,-lgcc,-lc,--end-group
'Finished building target: find_max.elf'
' '
'Invoking: ARM v7 Print Size'
arm-none-eabi-size find_max.elf  |tee "find_max.elf.size"
   text	   data	    bss	    dec	    hex	filename
  36680	   1560	  36232	  74472	  122e8	find_max.elf
'Finished building: find_max.elf.size'
' '
10:48:58 **** Incremental Build of configuration Debug for project find_max ****
make pre-build main-build 
a9-linaro-pre-build-step
' '
make: Nothing to be done for 'main-build'.
10:49:20 **** Incremental Build of configuration Debug for project find_max ****
make pre-build main-build 
a9-linaro-pre-build-step
' '
make: Nothing to be done for 'main-build'.
